// Jest Snapshot v1, https://goo.gl/fbAQLP

exports[`<Button /> matches snapshot 1`] = `
<div>
  <button
    class="css-s8vuqw"
    height="30"
  >
    Button
  </button>
</div>
`;

exports[`matches snapshot 1`] = `
<div>
  <button
    class="css-s8vuqw"
    height="30"
  >
    Button
  </button>
</div>
`;
